<users>
    <user id="1" login="janusz" email="janusz@example.com" password="1234567"/>
</users>